com/example/tutorial/AddressBookProtos$Person.class
io/cdap/directives/transformation/UrlEncodeTest.class
io/cdap/directives/parser/CsvParserTest.class
io/cdap/wrangler/codec/ProtobufDecoderUsingDescriptorTest.class
io/cdap/directives/parser/XmlToJsonTest.class
io/cdap/wrangler/clients/SchemaRegistryClientTest$OKResponse.class
io/cdap/wrangler/registry/SystemDirectiveRegistryTest.class
io/cdap/directives/aggregates/SetTransientVariableTest.class
io/cdap/directives/transformation/TitleCaseTest.class
io/cdap/directives/npl/StemmingTest.class
io/cdap/directives/transformation/RightTrimTest.class
io/cdap/wrangler/executor/SchemaGenerationTest.class
io/cdap/wrangler/statistics/BasicStatisticsTest.class
io/cdap/directives/column/MergeTest.class
io/cdap/wrangler/parser/UsageRegistryTest.class
io/cdap/directives/column/ColumnsReplaceTest.class
com/example/tutorial/AddressBookProtos.class
io/cdap/wrangler/clients/SchemaRegistryClientTest$ServiceHandler.class
io/cdap/directives/parser/FixedLengthParserTest.class
io/cdap/directives/external/InvokeHttpTest$ServiceHandler$1.class
io/cdap/functions/GlobalTest.class
io/cdap/directives/parser/JsParserTest.class
io/cdap/wrangler/utils/KryoSerializerTest.class
io/cdap/directives/transformation/UpperTest.class
io/cdap/directives/parser/ParseSimpleDateTest.class
com/example/tutorial/AddressBookProtos$Person$PhoneNumber.class
io/cdap/directives/row/FailTest.class
io/cdap/wrangler/utils/RecordConvertorTest.class
io/cdap/directives/datamodel/DataModelMapColumnTest.class
io/cdap/wrangler/parser/ConfigDirectiveContextTest.class
io/cdap/wrangler/utils/ArithmeticOperationsTest.class
io/cdap/directives/transformation/MessageHashTest.class
io/cdap/directives/transformation/ExtractRegexGroupsTest.class
io/cdap/wrangler/i18n/MessagesTest.class
io/cdap/wrangler/registry/CompositeDirectiveRegistryTest.class
io/cdap/directives/column/FlattenRecordTest.class
io/cdap/wrangler/test/TestingRig.class
io/cdap/directives/column/SetTypeTest.class
io/cdap/wrangler/parser/RecipeCompilerTest.class
io/cdap/directives/datetime/CurrentDateTimeTest.class
io/cdap/wrangler/ExperimentTests.class
io/cdap/directives/row/SplitToRowsTest.class
com/example/tutorial/AddressBookProtos$Person$PhoneNumber$Builder.class
io/cdap/directives/transformation/CharacterCutTest.class
io/cdap/directives/parser/ParseAvroTest.class
io/cdap/wrangler/parser/GrammarBasedParserTest.class
io/cdap/directives/column/CleanseColumnNamesTest.class
io/cdap/directives/aggregates/SetTransientVariableTest$1$1.class
io/cdap/directives/external/InvokeHttpTest$ServiceHandler.class
io/cdap/wrangler/dq/ConvertStringTest.class
io/cdap/directives/currency/FormatAsCurrencyTest.class
com/example/tutorial/AddressBookProtos$PersonOrBuilder.class
io/cdap/wrangler/parser/GrammarMigratorTest.class
io/cdap/directives/row/RowRegexFilterTest.class
io/cdap/wrangler/utils/StructuredToRowTransformerTest.class
io/cdap/wrangler/parser/NoOpDirectiveContextTest.class
io/cdap/directives/datetime/TimestampToDateTimeTest.class
com/example/tutorial/AddressBookProtos$AddressBookOrBuilder.class
io/cdap/wrangler/codec/JsonAvroDecoderTest.class
io/cdap/directives/writer/WriteAsJsonMapTest$1.class
io/cdap/functions/ExpressionTest.class
io/cdap/directives/transformation/TextMetricMeasureTest.class
com/example/tutorial/AddressBookProtos$1.class
io/cdap/directives/transformation/ParseDateTest.class
io/cdap/directives/aggregates/AggregateStatsTest.class
io/cdap/directives/parser/ParseDateTimeTest.class
io/cdap/wrangler/config/DirectiveConfigTest.class
io/cdap/directives/transformation/FillNullOrEmptyTest.class
io/cdap/directives/parser/JsPathTest.class
io/cdap/directives/row/FlattenTest.class
io/cdap/functions/NumberFunctionsTest.class
io/cdap/directives/writer/WriteAsJsonMapTest.class
io/cdap/directives/transformation/TextDistanceMeasureTest.class
io/cdap/directives/parser/HL7ParserTest.class
io/cdap/wrangler/utils/AvroSchemaGlossaryTest.class
io/cdap/wrangler/executor/RecipePipelineExecutorTest.class
io/cdap/directives/parser/ParseLogTest.class
com/example/tutorial/AddressBookProtos$Person$PhoneType$1.class
io/cdap/functions/DateAndTimeTest.class
io/cdap/directives/validation/conformers/JsonConformerTest.class
com/example/tutorial/AddressBookProtos$Person$1.class
io/cdap/directives/column/SetHeaderTest.class
io/cdap/directives/column/KeepTest.class
io/cdap/wrangler/registry/CompositeDirectiveRegistryTest$MyTest.class
io/cdap/directives/column/CopyTest.class
io/cdap/wrangler/TestingPipelineContext.class
io/cdap/wrangler/TestingRig.class
io/cdap/wrangler/expression/ELTest.class
io/cdap/directives/validation/ValidateStandardTest.class
io/cdap/wrangler/validator/ColumnNameValidatorTest.class
io/cdap/directives/writer/WriteAsJsonObjectTest.class
io/cdap/functions/JsonFunctionsTest.class
io/cdap/functions/DDLTest.class
io/cdap/directives/transformation/SwapTest.class
com/example/tutorial/AddressBookProtos$Person$PhoneNumberOrBuilder.class
io/cdap/wrangler/utils/SchemaConverterTest.class
io/cdap/wrangler/utils/ObjectSerDeTest.class
io/cdap/wrangler/datamodel/HTTPSchemaLoaderTest.class
io/cdap/directives/transformation/ParseTimestampTest.class
io/cdap/wrangler/parser/MigrateToV2Test.class
com/example/tutorial/AddressBookProtos$Person$PhoneType.class
io/cdap/wrangler/datamodel/HTTPSchemaLoaderTest$ServiceHandler.class
io/cdap/wrangler/clients/SchemaRegistryClientTest.class
io/cdap/directives/transformation/FindAndReplaceTest.class
io/cdap/directives/transformation/MaskNumberTest.class
io/cdap/directives/parser/ParseExcelTest.class
io/cdap/functions/LogicalTest.class
io/cdap/directives/parser/ParseAvroFileTest.class
com/example/tutorial/AddressBookProtos$AddressBook$1.class
io/cdap/directives/transformation/LowerTest.class
io/cdap/directives/column/SplitToColumnsTest.class
io/cdap/functions/DataQualityTest.class
io/cdap/directives/column/RenameTest.class
io/cdap/directives/writer/WriteAsCSVTest.class
io/cdap/directives/column/CreateRecordTest.class
io/cdap/directives/datetime/FormatDateTimeTest.class
io/cdap/directives/transformation/TrimTest.class
com/example/tutorial/AddressBookProtos$Person$PhoneNumber$1.class
com/example/tutorial/AddressBookProtos$Person$Builder.class
com/example/tutorial/AddressBookProtos$AddressBook.class
io/cdap/wrangler/parser/MapArgumentsTest.class
io/cdap/functions/GeoFenceTest.class
io/cdap/directives/transformation/QuantizationTest.class
io/cdap/directives/aggregates/SetTransientVariableTest$1.class
io/cdap/wrangler/utils/ReferenceNamesTest.class
io/cdap/directives/currency/ParseAsCurrencyTest.class
io/cdap/directives/external/InvokeHttpTest.class
io/cdap/wrangler/dq/ConvertDistancesTest.class
io/cdap/directives/transformation/SplitURLTest.class
io/cdap/wrangler/utils/ArtifactSummaryComparatorTest.class
io/cdap/wrangler/lineage/LineageOperationsTest.class
io/cdap/directives/transformation/GenerateUUIDTest.class
io/cdap/directives/transformation/EncodeDecodeTest.class
io/cdap/directives/column/ChangeColCaseNamesTest.class
io/cdap/directives/transformation/SplitEmailTest.class
io/cdap/wrangler/utils/JsonTestData.class
com/example/tutorial/AddressBookProtos$AddressBook$Builder.class
io/cdap/directives/transformation/ExtractRegexGroupsTest$RegexInputOutput.class
io/cdap/directives/lookup/CatalogLookupTest.class
io/cdap/wrangler/utils/AvroSchemaGlossaryTest$StubSchemaLoader.class
io/cdap/wrangler/codec/BinaryAvroDecoderTest.class
io/cdap/directives/datetime/DateTimeToTimestampTest.class
io/cdap/directives/row/SendToErrorTest.class
io/cdap/directives/transformation/LeftTrimTest.class
io/cdap/wrangler/registry/CompositeDirectiveRegistryTest$TestDirectiveRegistry.class
io/cdap/directives/row/SendToErrorAndContinueTest.class
io/cdap/directives/row/RowConditionFilterTest.class
