/Users/dakshrana/Desktop/wrangler/wrangler-core/src/test/java/com/example/tutorial/AddressBookProtos.java
/Users/dakshrana/Desktop/wrangler/wrangler-core/src/test/java/io/cdap/directives/aggregates/AggregateStatsTest.java
/Users/dakshrana/Desktop/wrangler/wrangler-core/src/test/java/io/cdap/directives/aggregates/SetTransientVariableTest.java
/Users/dakshrana/Desktop/wrangler/wrangler-core/src/test/java/io/cdap/directives/column/ChangeColCaseNamesTest.java
/Users/dakshrana/Desktop/wrangler/wrangler-core/src/test/java/io/cdap/directives/column/CleanseColumnNamesTest.java
/Users/dakshrana/Desktop/wrangler/wrangler-core/src/test/java/io/cdap/directives/column/ColumnsReplaceTest.java
/Users/dakshrana/Desktop/wrangler/wrangler-core/src/test/java/io/cdap/directives/column/CopyTest.java
/Users/dakshrana/Desktop/wrangler/wrangler-core/src/test/java/io/cdap/directives/column/CreateRecordTest.java
/Users/dakshrana/Desktop/wrangler/wrangler-core/src/test/java/io/cdap/directives/column/FlattenRecordTest.java
/Users/dakshrana/Desktop/wrangler/wrangler-core/src/test/java/io/cdap/directives/column/KeepTest.java
/Users/dakshrana/Desktop/wrangler/wrangler-core/src/test/java/io/cdap/directives/column/MergeTest.java
/Users/dakshrana/Desktop/wrangler/wrangler-core/src/test/java/io/cdap/directives/column/RenameTest.java
/Users/dakshrana/Desktop/wrangler/wrangler-core/src/test/java/io/cdap/directives/column/SetHeaderTest.java
/Users/dakshrana/Desktop/wrangler/wrangler-core/src/test/java/io/cdap/directives/column/SetTypeTest.java
/Users/dakshrana/Desktop/wrangler/wrangler-core/src/test/java/io/cdap/directives/column/SplitToColumnsTest.java
/Users/dakshrana/Desktop/wrangler/wrangler-core/src/test/java/io/cdap/directives/currency/FormatAsCurrencyTest.java
/Users/dakshrana/Desktop/wrangler/wrangler-core/src/test/java/io/cdap/directives/currency/ParseAsCurrencyTest.java
/Users/dakshrana/Desktop/wrangler/wrangler-core/src/test/java/io/cdap/directives/datamodel/DataModelMapColumnTest.java
/Users/dakshrana/Desktop/wrangler/wrangler-core/src/test/java/io/cdap/directives/datetime/CurrentDateTimeTest.java
/Users/dakshrana/Desktop/wrangler/wrangler-core/src/test/java/io/cdap/directives/datetime/DateTimeToTimestampTest.java
/Users/dakshrana/Desktop/wrangler/wrangler-core/src/test/java/io/cdap/directives/datetime/FormatDateTimeTest.java
/Users/dakshrana/Desktop/wrangler/wrangler-core/src/test/java/io/cdap/directives/datetime/TimestampToDateTimeTest.java
/Users/dakshrana/Desktop/wrangler/wrangler-core/src/test/java/io/cdap/directives/external/InvokeHttpTest.java
/Users/dakshrana/Desktop/wrangler/wrangler-core/src/test/java/io/cdap/directives/lookup/CatalogLookupTest.java
/Users/dakshrana/Desktop/wrangler/wrangler-core/src/test/java/io/cdap/directives/npl/StemmingTest.java
/Users/dakshrana/Desktop/wrangler/wrangler-core/src/test/java/io/cdap/directives/parser/CsvParserTest.java
/Users/dakshrana/Desktop/wrangler/wrangler-core/src/test/java/io/cdap/directives/parser/FixedLengthParserTest.java
/Users/dakshrana/Desktop/wrangler/wrangler-core/src/test/java/io/cdap/directives/parser/HL7ParserTest.java
/Users/dakshrana/Desktop/wrangler/wrangler-core/src/test/java/io/cdap/directives/parser/JsParserTest.java
/Users/dakshrana/Desktop/wrangler/wrangler-core/src/test/java/io/cdap/directives/parser/JsPathTest.java
/Users/dakshrana/Desktop/wrangler/wrangler-core/src/test/java/io/cdap/directives/parser/ParseAvroFileTest.java
/Users/dakshrana/Desktop/wrangler/wrangler-core/src/test/java/io/cdap/directives/parser/ParseAvroTest.java
/Users/dakshrana/Desktop/wrangler/wrangler-core/src/test/java/io/cdap/directives/parser/ParseDateTimeTest.java
/Users/dakshrana/Desktop/wrangler/wrangler-core/src/test/java/io/cdap/directives/parser/ParseExcelTest.java
/Users/dakshrana/Desktop/wrangler/wrangler-core/src/test/java/io/cdap/directives/parser/ParseLogTest.java
/Users/dakshrana/Desktop/wrangler/wrangler-core/src/test/java/io/cdap/directives/parser/ParseSimpleDateTest.java
/Users/dakshrana/Desktop/wrangler/wrangler-core/src/test/java/io/cdap/directives/parser/XmlToJsonTest.java
/Users/dakshrana/Desktop/wrangler/wrangler-core/src/test/java/io/cdap/directives/row/FailTest.java
/Users/dakshrana/Desktop/wrangler/wrangler-core/src/test/java/io/cdap/directives/row/FlattenTest.java
/Users/dakshrana/Desktop/wrangler/wrangler-core/src/test/java/io/cdap/directives/row/RowConditionFilterTest.java
/Users/dakshrana/Desktop/wrangler/wrangler-core/src/test/java/io/cdap/directives/row/RowRegexFilterTest.java
/Users/dakshrana/Desktop/wrangler/wrangler-core/src/test/java/io/cdap/directives/row/SendToErrorAndContinueTest.java
/Users/dakshrana/Desktop/wrangler/wrangler-core/src/test/java/io/cdap/directives/row/SendToErrorTest.java
/Users/dakshrana/Desktop/wrangler/wrangler-core/src/test/java/io/cdap/directives/row/SplitToRowsTest.java
/Users/dakshrana/Desktop/wrangler/wrangler-core/src/test/java/io/cdap/directives/transformation/CharacterCutTest.java
/Users/dakshrana/Desktop/wrangler/wrangler-core/src/test/java/io/cdap/directives/transformation/EncodeDecodeTest.java
/Users/dakshrana/Desktop/wrangler/wrangler-core/src/test/java/io/cdap/directives/transformation/ExtractRegexGroupsTest.java
/Users/dakshrana/Desktop/wrangler/wrangler-core/src/test/java/io/cdap/directives/transformation/FillNullOrEmptyTest.java
/Users/dakshrana/Desktop/wrangler/wrangler-core/src/test/java/io/cdap/directives/transformation/FindAndReplaceTest.java
/Users/dakshrana/Desktop/wrangler/wrangler-core/src/test/java/io/cdap/directives/transformation/GenerateUUIDTest.java
/Users/dakshrana/Desktop/wrangler/wrangler-core/src/test/java/io/cdap/directives/transformation/LeftTrimTest.java
/Users/dakshrana/Desktop/wrangler/wrangler-core/src/test/java/io/cdap/directives/transformation/LowerTest.java
/Users/dakshrana/Desktop/wrangler/wrangler-core/src/test/java/io/cdap/directives/transformation/MaskNumberTest.java
/Users/dakshrana/Desktop/wrangler/wrangler-core/src/test/java/io/cdap/directives/transformation/MessageHashTest.java
/Users/dakshrana/Desktop/wrangler/wrangler-core/src/test/java/io/cdap/directives/transformation/ParseDateTest.java
/Users/dakshrana/Desktop/wrangler/wrangler-core/src/test/java/io/cdap/directives/transformation/ParseTimestampTest.java
/Users/dakshrana/Desktop/wrangler/wrangler-core/src/test/java/io/cdap/directives/transformation/QuantizationTest.java
/Users/dakshrana/Desktop/wrangler/wrangler-core/src/test/java/io/cdap/directives/transformation/RightTrimTest.java
/Users/dakshrana/Desktop/wrangler/wrangler-core/src/test/java/io/cdap/directives/transformation/SplitEmailTest.java
/Users/dakshrana/Desktop/wrangler/wrangler-core/src/test/java/io/cdap/directives/transformation/SplitURLTest.java
/Users/dakshrana/Desktop/wrangler/wrangler-core/src/test/java/io/cdap/directives/transformation/SwapTest.java
/Users/dakshrana/Desktop/wrangler/wrangler-core/src/test/java/io/cdap/directives/transformation/TextDistanceMeasureTest.java
/Users/dakshrana/Desktop/wrangler/wrangler-core/src/test/java/io/cdap/directives/transformation/TextMetricMeasureTest.java
/Users/dakshrana/Desktop/wrangler/wrangler-core/src/test/java/io/cdap/directives/transformation/TitleCaseTest.java
/Users/dakshrana/Desktop/wrangler/wrangler-core/src/test/java/io/cdap/directives/transformation/TrimTest.java
/Users/dakshrana/Desktop/wrangler/wrangler-core/src/test/java/io/cdap/directives/transformation/UpperTest.java
/Users/dakshrana/Desktop/wrangler/wrangler-core/src/test/java/io/cdap/directives/transformation/UrlEncodeTest.java
/Users/dakshrana/Desktop/wrangler/wrangler-core/src/test/java/io/cdap/directives/validation/ValidateStandardTest.java
/Users/dakshrana/Desktop/wrangler/wrangler-core/src/test/java/io/cdap/directives/validation/conformers/JsonConformerTest.java
/Users/dakshrana/Desktop/wrangler/wrangler-core/src/test/java/io/cdap/directives/writer/WriteAsCSVTest.java
/Users/dakshrana/Desktop/wrangler/wrangler-core/src/test/java/io/cdap/directives/writer/WriteAsJsonMapTest.java
/Users/dakshrana/Desktop/wrangler/wrangler-core/src/test/java/io/cdap/directives/writer/WriteAsJsonObjectTest.java
/Users/dakshrana/Desktop/wrangler/wrangler-core/src/test/java/io/cdap/functions/DDLTest.java
/Users/dakshrana/Desktop/wrangler/wrangler-core/src/test/java/io/cdap/functions/DataQualityTest.java
/Users/dakshrana/Desktop/wrangler/wrangler-core/src/test/java/io/cdap/functions/DateAndTimeTest.java
/Users/dakshrana/Desktop/wrangler/wrangler-core/src/test/java/io/cdap/functions/ExpressionTest.java
/Users/dakshrana/Desktop/wrangler/wrangler-core/src/test/java/io/cdap/functions/GeoFenceTest.java
/Users/dakshrana/Desktop/wrangler/wrangler-core/src/test/java/io/cdap/functions/GlobalTest.java
/Users/dakshrana/Desktop/wrangler/wrangler-core/src/test/java/io/cdap/functions/JsonFunctionsTest.java
/Users/dakshrana/Desktop/wrangler/wrangler-core/src/test/java/io/cdap/functions/LogicalTest.java
/Users/dakshrana/Desktop/wrangler/wrangler-core/src/test/java/io/cdap/functions/NumberFunctionsTest.java
/Users/dakshrana/Desktop/wrangler/wrangler-core/src/test/java/io/cdap/wrangler/ExperimentTests.java
/Users/dakshrana/Desktop/wrangler/wrangler-core/src/test/java/io/cdap/wrangler/TestingPipelineContext.java
/Users/dakshrana/Desktop/wrangler/wrangler-core/src/test/java/io/cdap/wrangler/TestingRig.java
/Users/dakshrana/Desktop/wrangler/wrangler-core/src/test/java/io/cdap/wrangler/clients/SchemaRegistryClientTest.java
/Users/dakshrana/Desktop/wrangler/wrangler-core/src/test/java/io/cdap/wrangler/codec/BinaryAvroDecoderTest.java
/Users/dakshrana/Desktop/wrangler/wrangler-core/src/test/java/io/cdap/wrangler/codec/JsonAvroDecoderTest.java
/Users/dakshrana/Desktop/wrangler/wrangler-core/src/test/java/io/cdap/wrangler/codec/ProtobufDecoderUsingDescriptorTest.java
/Users/dakshrana/Desktop/wrangler/wrangler-core/src/test/java/io/cdap/wrangler/config/DirectiveConfigTest.java
/Users/dakshrana/Desktop/wrangler/wrangler-core/src/test/java/io/cdap/wrangler/datamodel/HTTPSchemaLoaderTest.java
/Users/dakshrana/Desktop/wrangler/wrangler-core/src/test/java/io/cdap/wrangler/dq/ConvertDistancesTest.java
/Users/dakshrana/Desktop/wrangler/wrangler-core/src/test/java/io/cdap/wrangler/dq/ConvertStringTest.java
/Users/dakshrana/Desktop/wrangler/wrangler-core/src/test/java/io/cdap/wrangler/executor/RecipePipelineExecutorTest.java
/Users/dakshrana/Desktop/wrangler/wrangler-core/src/test/java/io/cdap/wrangler/executor/SchemaGenerationTest.java
/Users/dakshrana/Desktop/wrangler/wrangler-core/src/test/java/io/cdap/wrangler/expression/ELTest.java
/Users/dakshrana/Desktop/wrangler/wrangler-core/src/test/java/io/cdap/wrangler/i18n/MessagesTest.java
/Users/dakshrana/Desktop/wrangler/wrangler-core/src/test/java/io/cdap/wrangler/lineage/LineageOperationsTest.java
/Users/dakshrana/Desktop/wrangler/wrangler-core/src/test/java/io/cdap/wrangler/parser/ConfigDirectiveContextTest.java
/Users/dakshrana/Desktop/wrangler/wrangler-core/src/test/java/io/cdap/wrangler/parser/GrammarBasedParserTest.java
/Users/dakshrana/Desktop/wrangler/wrangler-core/src/test/java/io/cdap/wrangler/parser/GrammarMigratorTest.java
/Users/dakshrana/Desktop/wrangler/wrangler-core/src/test/java/io/cdap/wrangler/parser/MapArgumentsTest.java
/Users/dakshrana/Desktop/wrangler/wrangler-core/src/test/java/io/cdap/wrangler/parser/MigrateToV2Test.java
/Users/dakshrana/Desktop/wrangler/wrangler-core/src/test/java/io/cdap/wrangler/parser/NoOpDirectiveContextTest.java
/Users/dakshrana/Desktop/wrangler/wrangler-core/src/test/java/io/cdap/wrangler/parser/RecipeCompilerTest.java
/Users/dakshrana/Desktop/wrangler/wrangler-core/src/test/java/io/cdap/wrangler/parser/UsageRegistryTest.java
/Users/dakshrana/Desktop/wrangler/wrangler-core/src/test/java/io/cdap/wrangler/registry/CompositeDirectiveRegistryTest.java
/Users/dakshrana/Desktop/wrangler/wrangler-core/src/test/java/io/cdap/wrangler/registry/SystemDirectiveRegistryTest.java
/Users/dakshrana/Desktop/wrangler/wrangler-core/src/test/java/io/cdap/wrangler/statistics/BasicStatisticsTest.java
/Users/dakshrana/Desktop/wrangler/wrangler-core/src/test/java/io/cdap/wrangler/test/TestingRig.java
/Users/dakshrana/Desktop/wrangler/wrangler-core/src/test/java/io/cdap/wrangler/utils/ArithmeticOperationsTest.java
/Users/dakshrana/Desktop/wrangler/wrangler-core/src/test/java/io/cdap/wrangler/utils/ArtifactSummaryComparatorTest.java
/Users/dakshrana/Desktop/wrangler/wrangler-core/src/test/java/io/cdap/wrangler/utils/AvroSchemaGlossaryTest.java
/Users/dakshrana/Desktop/wrangler/wrangler-core/src/test/java/io/cdap/wrangler/utils/JsonTestData.java
/Users/dakshrana/Desktop/wrangler/wrangler-core/src/test/java/io/cdap/wrangler/utils/KryoSerializerTest.java
/Users/dakshrana/Desktop/wrangler/wrangler-core/src/test/java/io/cdap/wrangler/utils/ObjectSerDeTest.java
/Users/dakshrana/Desktop/wrangler/wrangler-core/src/test/java/io/cdap/wrangler/utils/RecordConvertorTest.java
/Users/dakshrana/Desktop/wrangler/wrangler-core/src/test/java/io/cdap/wrangler/utils/ReferenceNamesTest.java
/Users/dakshrana/Desktop/wrangler/wrangler-core/src/test/java/io/cdap/wrangler/utils/SchemaConverterTest.java
/Users/dakshrana/Desktop/wrangler/wrangler-core/src/test/java/io/cdap/wrangler/utils/StructuredToRowTransformerTest.java
/Users/dakshrana/Desktop/wrangler/wrangler-core/src/test/java/io/cdap/wrangler/validator/ColumnNameValidatorTest.java
