io/cdap/directives/parser/ParseProtobuf$1.class
io/cdap/wrangler/expression/ELRegistration.class
io/cdap/directives/validation/ConformanceIssue.class
io/cdap/wrangler/parser/GrammarBasedParser.class
io/cdap/wrangler/parser/DirectivesParser$NumberContext.class
io/cdap/wrangler/codec/ProtobufDecoderUsingDescriptor.class
io/cdap/directives/transformation/SplitURL.class
io/cdap/directives/parser/ParseDateTime.class
io/cdap/directives/validation/conformers/JsonConformer.class
io/cdap/wrangler/parser/DirectivesParser$PropertyContext.class
io/cdap/directives/transformation/MaskNumber.class
io/cdap/directives/transformation/UrlDecode.class
io/cdap/wrangler/parser/DirectivesBaseListener.class
io/cdap/directives/parser/CsvParser.class
io/cdap/wrangler/parser/UsageRegistry.class
io/cdap/wrangler/i18n/MessagesFactory.class
io/cdap/directives/validation/conformers/JsonConformer$Factory.class
io/cdap/directives/column/Merge.class
io/cdap/directives/datetime/DateTimeToTimeStamp.class
io/cdap/wrangler/utils/ColumnConverter.class
io/cdap/wrangler/datamodel/DataModelGlossary.class
io/cdap/directives/aggregates/AggregateStats.class
io/cdap/directives/external/InvokeHttp$1.class
io/cdap/directives/validation/conformers/JsonConformer$1.class
io/cdap/wrangler/utils/RecordConvertor.class
io/cdap/functions/GeoFences.class
io/cdap/directives/datetime/CurrentDateTime.class
io/cdap/wrangler/clients/Response.class
io/cdap/directives/transformation/Decode$Method.class
io/cdap/wrangler/clients/RestClientException.class
io/cdap/wrangler/executor/ICDCatalog$ICDCode.class
io/cdap/wrangler/parser/DirectivesParser$PragmaContext.class
io/cdap/wrangler/registry/CompositeDirectiveRegistry.class
io/cdap/directives/transformation/TextMetricMeasure.class
io/cdap/wrangler/utils/ObjectSerDe.class
io/cdap/wrangler/schema/DirectiveSchemaResolutionContext.class
io/cdap/functions/NumberFunctions.class
io/cdap/directives/transformation/UrlEncode.class
io/cdap/wrangler/sampling/Bernoulli$1.class
io/cdap/wrangler/sampling/SamplingIterator.class
io/cdap/directives/validation/conformers/Conformer.class
io/cdap/functions/DateAndTime.class
io/cdap/directives/parser/HL7Parser.class
io/cdap/directives/language/SetCharset.class
io/cdap/wrangler/sampling/Reservoir$IntermediateSample.class
io/cdap/wrangler/sampling/Reservoir.class
io/cdap/functions/Types.class
io/cdap/wrangler/registry/SystemDirectiveRegistry.class
io/cdap/wrangler/dq/TypeInference$1.class
io/cdap/wrangler/clients/SchemaRegistryClient$1.class
io/cdap/directives/lookup/TableLookup.class
io/cdap/wrangler/parser/DirectivesParser$StringListContext.class
io/cdap/directives/parser/ParseSimpleDate.class
io/cdap/wrangler/parser/SyntaxErrorListener.class
io/cdap/directives/external/InvokeHttp$ServiceResponseHandler$1.class
io/cdap/directives/parser/FixedLengthParser.class
io/cdap/directives/parser/ParseProtobuf.class
io/cdap/wrangler/clients/SchemaRegistryClient.class
io/cdap/wrangler/sampling/Poisson.class
io/cdap/directives/parser/ParseLog.class
io/cdap/wrangler/utils/RecordConvertor$1.class
io/cdap/functions/Logical.class
io/cdap/wrangler/sampling/Poisson$1.class
io/cdap/wrangler/parser/DirectivesParser$BoolListContext.class
io/cdap/wrangler/validator/ColumnNameValidator.class
io/cdap/wrangler/registry/DirectiveInfo.class
io/cdap/directives/parser/ParseDate.class
io/cdap/wrangler/utils/KryoSerializer$JsonSerializer.class
io/cdap/wrangler/utils/Manifest$Standard.class
io/cdap/wrangler/utils/ArithmeticOperations$NumberType.class
io/cdap/directives/parser/ParseExcel$1.class
io/cdap/directives/datetime/TimestampToDateTime.class
io/cdap/wrangler/parser/DirectivesParser$NumberRangeContext.class
io/cdap/wrangler/parser/DirectivesParser$TimeDurationArgContext.class
io/cdap/wrangler/sampling/Sampler$1.class
io/cdap/directives/transformation/Upper.class
io/cdap/wrangler/utils/StructuredRecordJsonConverter$1.class
io/cdap/directives/nlp/internal/PorterStemmer.class
io/cdap/wrangler/parser/DirectivesParser$BoolContext.class
io/cdap/wrangler/expression/EL$NullLogger.class
io/cdap/directives/transformation/IndexSplit.class
io/cdap/directives/lookup/StaticCatalog$Entry.class
io/cdap/wrangler/parser/DirectivesVisitor.class
io/cdap/directives/column/Drop.class
io/cdap/wrangler/dq/DateTimePattern.class
io/cdap/wrangler/parser/DirectivesParser$CommandContext.class
io/cdap/wrangler/dq/ConvertDistances.class
io/cdap/directives/aggregates/SetTransientVariable.class
io/cdap/wrangler/statistics/Statistics.class
io/cdap/wrangler/codec/DecoderException.class
io/cdap/directives/transformation/FillNullOrEmpty.class
io/cdap/wrangler/utils/SchemaConverter$SimpleSchemaGenerator.class
io/cdap/directives/currency/FormatAsCurrency.class
io/cdap/wrangler/sampling/Sampler.class
io/cdap/directives/transformation/Decode.class
io/cdap/wrangler/sampling/MathUtils.class
io/cdap/wrangler/parser/UsageRegistry$UsageEntry.class
io/cdap/wrangler/parser/DirectivesParser$NumberListContext.class
io/cdap/wrangler/parser/DirectivesParser$RecipeContext.class
io/cdap/directives/transformation/ExtractRegexGroups.class
io/cdap/directives/parser/ParseExcel.class
io/cdap/wrangler/utils/RecordConvertorException.class
io/cdap/wrangler/utils/AvroSchemaGlossary.class
io/cdap/wrangler/parser/DirectivesParser$ColumnContext.class
io/cdap/wrangler/utils/SchemaConverter$1.class
io/cdap/wrangler/sampling/Bernoulli.class
io/cdap/wrangler/utils/StructuredRecordJsonConverter.class
io/cdap/directives/column/ColumnsReplace.class
io/cdap/directives/column/CleanseColumnNames.class
io/cdap/directives/row/Fail.class
io/cdap/wrangler/utils/KryoSerializer.class
io/cdap/directives/parser/ParseTimestamp.class
io/cdap/wrangler/statistics/BasicStatistics.class
io/cdap/wrangler/parser/DirectivesParser$ExpressionContext.class
io/cdap/directives/currency/ParseAsCurrency.class
io/cdap/wrangler/validator/Validator.class
io/cdap/directives/date/FormatDate.class
io/cdap/wrangler/parser/DirectivesParser.class
io/cdap/wrangler/sampling/Reservoir$1.class
io/cdap/directives/aggregates/DefaultTransientStore.class
io/cdap/wrangler/parser/DirectivesParser$ByteSizeArgContext.class
io/cdap/wrangler/utils/ArtifactSummaryComparator.class
io/cdap/wrangler/utils/TypeConvertor.class
io/cdap/wrangler/metrics/JexlCategoryMetricUtils.class
io/cdap/wrangler/parser/DirectivesParser$ConditionContext.class
io/cdap/wrangler/parser/RecipeVisitor.class
io/cdap/directives/parser/JsParser.class
io/cdap/directives/date/DiffDate.class
io/cdap/wrangler/utils/RowHelper.class
io/cdap/directives/column/SetHeader.class
io/cdap/wrangler/expression/EL.class
io/cdap/wrangler/parser/DirectivesParser$CodeblockContext.class
io/cdap/directives/column/FlattenRecord.class
io/cdap/directives/row/RecordConditionFilter.class
io/cdap/functions/Dates.class
io/cdap/wrangler/utils/ProjectInfo.class
io/cdap/wrangler/schema/DirectiveOutputSchemaGenerator.class
io/cdap/directives/transformation/SplitEmail.class
io/cdap/wrangler/registry/DirectiveScope.class
io/cdap/directives/transformation/FindAndReplace.class
io/cdap/wrangler/statistics/Measurements.class
io/cdap/wrangler/validator/ValidatorException.class
io/cdap/directives/datetime/FormatDateTime.class
io/cdap/wrangler/parser/DirectivesParser$DirectiveContext.class
io/cdap/wrangler/dq/ConvertDistances$Distance.class
io/cdap/wrangler/parser/DirectivesParser$ElseStatContext.class
io/cdap/directives/row/RecordMissingOrNullFilter.class
io/cdap/wrangler/parser/DirectivesBaseVisitor.class
io/cdap/directives/parser/ParseAvro.class
io/cdap/directives/row/Flatten.class
io/cdap/directives/column/Rename.class
io/cdap/functions/JsonFunctions.class
io/cdap/wrangler/dq/ConvertString.class
io/cdap/wrangler/parser/DirectivesLexer.class
io/cdap/wrangler/clients/SchemaRegistryClient$3.class
io/cdap/wrangler/parser/DirectivesListener.class
io/cdap/wrangler/parser/DirectivesParser$MacroContext.class
io/cdap/wrangler/parser/DirectivesParser$IdentifierContext.class
io/cdap/directives/writer/WriteAsJsonObject.class
io/cdap/directives/column/SplitToColumns.class
io/cdap/wrangler/expression/EL$1.class
io/cdap/wrangler/parser/DirectivesParser$IfStatementContext.class
io/cdap/wrangler/parser/DirectivesParser$StatementsContext.class
io/cdap/directives/row/SplitToRows.class
io/cdap/functions/DDL.class
io/cdap/directives/transformation/Encode.class
io/cdap/wrangler/parser/GrammarWalker.class
io/cdap/wrangler/executor/ErrorRecordCollector.class
io/cdap/wrangler/clients/SchemaRegistryClient$2.class
io/cdap/wrangler/utils/SchemaConverter.class
io/cdap/wrangler/parser/DirectivesParser$IfStatContext.class
io/cdap/directives/external/InvokeHttp.class
io/cdap/directives/row/RecordRegexFilter.class
io/cdap/wrangler/schema/TransientStoreKeys.class
io/cdap/directives/parser/ParseAvroFile.class
io/cdap/directives/column/Keep.class
io/cdap/wrangler/statistics/ColumnMetric.class
io/cdap/wrangler/codec/Decoder.class
io/cdap/wrangler/utils/ColumnConverter$ColumnTypeNames.class
io/cdap/directives/column/SetType.class
io/cdap/wrangler/parser/DirectivesParser$EcommandContext.class
io/cdap/wrangler/clients/SchemaInfo.class
io/cdap/directives/parser/JsPath.class
io/cdap/directives/external/InvokeHttp$ServiceResponseHandler.class
io/cdap/wrangler/expression/EL$DefaultFunctions.class
io/cdap/wrangler/expression/ELContext.class
io/cdap/wrangler/registry/UserDirectiveRegistry.class
io/cdap/wrangler/executor/ICDCatalog.class
io/cdap/wrangler/parser/DirectivesParser$IdentifierListContext.class
io/cdap/wrangler/codec/AbstractAvroDecoder.class
io/cdap/functions/DataQuality.class
io/cdap/directives/transformation/CharacterCut.class
io/cdap/wrangler/utils/StructuredToRowTransformer$1.class
io/cdap/wrangler/parser/RecipeCompiler.class
io/cdap/directives/transformation/TitleCase.class
io/cdap/wrangler/utils/ReferenceNames.class
io/cdap/wrangler/parser/DirectivesParser$NumberRangesContext.class
io/cdap/directives/writer/WriteAsJsonMap.class
io/cdap/wrangler/parser/DirectivesParser$ElseIfStatContext.class
io/cdap/wrangler/utils/Manifest.class
io/cdap/wrangler/metrics/Constants.class
io/cdap/directives/column/CreateRecord.class
io/cdap/directives/transformation/ColumnExpression.class
io/cdap/directives/transformation/GenerateUUID.class
io/cdap/wrangler/parser/DirectivesParser$ConfigContext.class
io/cdap/wrangler/dq/DataType.class
io/cdap/wrangler/parser/DirectivesParser$ValueContext.class
io/cdap/directives/transformation/Trimmer.class
io/cdap/directives/parser/ParseLog$LogLine.class
io/cdap/wrangler/expression/ELException.class
io/cdap/wrangler/parser/DirectiveClass.class
io/cdap/directives/nlp/Stemming.class
io/cdap/wrangler/expression/ELResult.class
io/cdap/directives/transformation/LeftTrim.class
io/cdap/wrangler/statistics/Measurements$MutableDouble.class
io/cdap/wrangler/metrics/Constants$Tags.class
io/cdap/wrangler/sampling/XORShiftRNG.class
io/cdap/directives/transformation/Trim.class
io/cdap/wrangler/utils/StructuredToRowTransformer.class
io/cdap/wrangler/parser/DirectivesParser$PropertiesContext.class
io/cdap/functions/Global.class
io/cdap/directives/transformation/MaskShuffle.class
io/cdap/directives/validation/conformers/Conformer$Factory.class
io/cdap/directives/validation/ValidateStandard.class
io/cdap/wrangler/parser/ConfigDirectiveContext.class
io/cdap/wrangler/expression/ELContext$Context.class
io/cdap/wrangler/dq/TypeInference.class
io/cdap/directives/transformation/MessageHash.class
io/cdap/directives/lookup/StaticCatalog.class
io/cdap/wrangler/parser/NoOpDirectiveContext.class
io/cdap/directives/transformation/Split.class
io/cdap/wrangler/codec/ProtobufDecoderUsingDescriptor$1.class
io/cdap/wrangler/parser/GrammarWalker$Visitor.class
io/cdap/wrangler/parser/DirectivesParser$PragmaVersionContext.class
io/cdap/wrangler/parser/DirectivesParser$PragmaLoadDirectiveContext.class
io/cdap/wrangler/parser/DirectivesParser$PropertyListContext.class
io/cdap/directives/transformation/Quantization.class
io/cdap/directives/transformation/RightTrim.class
io/cdap/wrangler/parser/DirectivesParser$ForStatementContext.class
io/cdap/wrangler/parser/MapArguments.class
io/cdap/directives/lookup/CatalogLookup.class
io/cdap/directives/aggregates/IncrementTransientVariable.class
io/cdap/directives/column/Copy.class
io/cdap/directives/xml/XmlToJson.class
io/cdap/wrangler/codec/JsonAvroDecoder.class
io/cdap/directives/column/ChangeColCaseNames.class
io/cdap/wrangler/parser/MigrateToV2.class
io/cdap/directives/datamodel/DataModelMapColumn.class
io/cdap/directives/row/SetRecordDelimiter.class
io/cdap/wrangler/codec/BinaryAvroDecoder.class
io/cdap/directives/column/Swap.class
io/cdap/wrangler/registry/DirectiveRegistry.class
io/cdap/directives/parser/HL7Parser$HL7MessageVisitor.class
io/cdap/wrangler/parser/DirectivesParser$TextContext.class
io/cdap/wrangler/i18n/Messages.class
io/cdap/wrangler/utils/DecimalTransform.class
io/cdap/wrangler/datamodel/HTTPSchemaLoader.class
io/cdap/wrangler/utils/ArithmeticOperations.class
io/cdap/directives/writer/WriteAsCSV.class
io/cdap/directives/transformation/Lower.class
io/cdap/wrangler/utils/JsonPathGenerator.class
io/cdap/directives/transformation/Encode$Method.class
io/cdap/directives/row/SendToError.class
io/cdap/wrangler/lineage/LineageOperations.class
io/cdap/wrangler/parser/DirectivesParser$ColListContext.class
io/cdap/wrangler/executor/RecipePipelineExecutor.class
io/cdap/directives/row/SendToErrorAndContinue.class
io/cdap/wrangler/utils/AvroSchemaLoader.class
io/cdap/directives/transformation/TextDistanceMeasure.class
io/cdap/wrangler/lineage/LineageOperations$1.class
