/Users/dakshrana/Desktop/wrangler/wrangler-core/src/main/java/io/cdap/directives/aggregates/AggregateStats.java
/Users/dakshrana/Desktop/wrangler/wrangler-core/src/main/java/io/cdap/directives/aggregates/DefaultTransientStore.java
/Users/dakshrana/Desktop/wrangler/wrangler-core/src/main/java/io/cdap/directives/aggregates/IncrementTransientVariable.java
/Users/dakshrana/Desktop/wrangler/wrangler-core/src/main/java/io/cdap/directives/aggregates/SetTransientVariable.java
/Users/dakshrana/Desktop/wrangler/wrangler-core/src/main/java/io/cdap/directives/column/ChangeColCaseNames.java
/Users/dakshrana/Desktop/wrangler/wrangler-core/src/main/java/io/cdap/directives/column/CleanseColumnNames.java
/Users/dakshrana/Desktop/wrangler/wrangler-core/src/main/java/io/cdap/directives/column/ColumnsReplace.java
/Users/dakshrana/Desktop/wrangler/wrangler-core/src/main/java/io/cdap/directives/column/Copy.java
/Users/dakshrana/Desktop/wrangler/wrangler-core/src/main/java/io/cdap/directives/column/CreateRecord.java
/Users/dakshrana/Desktop/wrangler/wrangler-core/src/main/java/io/cdap/directives/column/Drop.java
/Users/dakshrana/Desktop/wrangler/wrangler-core/src/main/java/io/cdap/directives/column/FlattenRecord.java
/Users/dakshrana/Desktop/wrangler/wrangler-core/src/main/java/io/cdap/directives/column/Keep.java
/Users/dakshrana/Desktop/wrangler/wrangler-core/src/main/java/io/cdap/directives/column/Merge.java
/Users/dakshrana/Desktop/wrangler/wrangler-core/src/main/java/io/cdap/directives/column/Rename.java
/Users/dakshrana/Desktop/wrangler/wrangler-core/src/main/java/io/cdap/directives/column/SetHeader.java
/Users/dakshrana/Desktop/wrangler/wrangler-core/src/main/java/io/cdap/directives/column/SetType.java
/Users/dakshrana/Desktop/wrangler/wrangler-core/src/main/java/io/cdap/directives/column/SplitToColumns.java
/Users/dakshrana/Desktop/wrangler/wrangler-core/src/main/java/io/cdap/directives/column/Swap.java
/Users/dakshrana/Desktop/wrangler/wrangler-core/src/main/java/io/cdap/directives/currency/FormatAsCurrency.java
/Users/dakshrana/Desktop/wrangler/wrangler-core/src/main/java/io/cdap/directives/currency/ParseAsCurrency.java
/Users/dakshrana/Desktop/wrangler/wrangler-core/src/main/java/io/cdap/directives/datamodel/DataModelMapColumn.java
/Users/dakshrana/Desktop/wrangler/wrangler-core/src/main/java/io/cdap/directives/date/DiffDate.java
/Users/dakshrana/Desktop/wrangler/wrangler-core/src/main/java/io/cdap/directives/date/FormatDate.java
/Users/dakshrana/Desktop/wrangler/wrangler-core/src/main/java/io/cdap/directives/datetime/CurrentDateTime.java
/Users/dakshrana/Desktop/wrangler/wrangler-core/src/main/java/io/cdap/directives/datetime/DateTimeToTimeStamp.java
/Users/dakshrana/Desktop/wrangler/wrangler-core/src/main/java/io/cdap/directives/datetime/FormatDateTime.java
/Users/dakshrana/Desktop/wrangler/wrangler-core/src/main/java/io/cdap/directives/datetime/TimestampToDateTime.java
/Users/dakshrana/Desktop/wrangler/wrangler-core/src/main/java/io/cdap/directives/external/InvokeHttp.java
/Users/dakshrana/Desktop/wrangler/wrangler-core/src/main/java/io/cdap/directives/language/SetCharset.java
/Users/dakshrana/Desktop/wrangler/wrangler-core/src/main/java/io/cdap/directives/lookup/CatalogLookup.java
/Users/dakshrana/Desktop/wrangler/wrangler-core/src/main/java/io/cdap/directives/lookup/StaticCatalog.java
/Users/dakshrana/Desktop/wrangler/wrangler-core/src/main/java/io/cdap/directives/lookup/TableLookup.java
/Users/dakshrana/Desktop/wrangler/wrangler-core/src/main/java/io/cdap/directives/nlp/Stemming.java
/Users/dakshrana/Desktop/wrangler/wrangler-core/src/main/java/io/cdap/directives/nlp/internal/PorterStemmer.java
/Users/dakshrana/Desktop/wrangler/wrangler-core/src/main/java/io/cdap/directives/parser/CsvParser.java
/Users/dakshrana/Desktop/wrangler/wrangler-core/src/main/java/io/cdap/directives/parser/FixedLengthParser.java
/Users/dakshrana/Desktop/wrangler/wrangler-core/src/main/java/io/cdap/directives/parser/HL7Parser.java
/Users/dakshrana/Desktop/wrangler/wrangler-core/src/main/java/io/cdap/directives/parser/JsParser.java
/Users/dakshrana/Desktop/wrangler/wrangler-core/src/main/java/io/cdap/directives/parser/JsPath.java
/Users/dakshrana/Desktop/wrangler/wrangler-core/src/main/java/io/cdap/directives/parser/ParseAvro.java
/Users/dakshrana/Desktop/wrangler/wrangler-core/src/main/java/io/cdap/directives/parser/ParseAvroFile.java
/Users/dakshrana/Desktop/wrangler/wrangler-core/src/main/java/io/cdap/directives/parser/ParseDate.java
/Users/dakshrana/Desktop/wrangler/wrangler-core/src/main/java/io/cdap/directives/parser/ParseDateTime.java
/Users/dakshrana/Desktop/wrangler/wrangler-core/src/main/java/io/cdap/directives/parser/ParseExcel.java
/Users/dakshrana/Desktop/wrangler/wrangler-core/src/main/java/io/cdap/directives/parser/ParseLog.java
/Users/dakshrana/Desktop/wrangler/wrangler-core/src/main/java/io/cdap/directives/parser/ParseProtobuf.java
/Users/dakshrana/Desktop/wrangler/wrangler-core/src/main/java/io/cdap/directives/parser/ParseSimpleDate.java
/Users/dakshrana/Desktop/wrangler/wrangler-core/src/main/java/io/cdap/directives/parser/ParseTimestamp.java
/Users/dakshrana/Desktop/wrangler/wrangler-core/src/main/java/io/cdap/directives/row/Fail.java
/Users/dakshrana/Desktop/wrangler/wrangler-core/src/main/java/io/cdap/directives/row/Flatten.java
/Users/dakshrana/Desktop/wrangler/wrangler-core/src/main/java/io/cdap/directives/row/RecordConditionFilter.java
/Users/dakshrana/Desktop/wrangler/wrangler-core/src/main/java/io/cdap/directives/row/RecordMissingOrNullFilter.java
/Users/dakshrana/Desktop/wrangler/wrangler-core/src/main/java/io/cdap/directives/row/RecordRegexFilter.java
/Users/dakshrana/Desktop/wrangler/wrangler-core/src/main/java/io/cdap/directives/row/SendToError.java
/Users/dakshrana/Desktop/wrangler/wrangler-core/src/main/java/io/cdap/directives/row/SendToErrorAndContinue.java
/Users/dakshrana/Desktop/wrangler/wrangler-core/src/main/java/io/cdap/directives/row/SetRecordDelimiter.java
/Users/dakshrana/Desktop/wrangler/wrangler-core/src/main/java/io/cdap/directives/row/SplitToRows.java
/Users/dakshrana/Desktop/wrangler/wrangler-core/src/main/java/io/cdap/directives/transformation/CharacterCut.java
/Users/dakshrana/Desktop/wrangler/wrangler-core/src/main/java/io/cdap/directives/transformation/ColumnExpression.java
/Users/dakshrana/Desktop/wrangler/wrangler-core/src/main/java/io/cdap/directives/transformation/Decode.java
/Users/dakshrana/Desktop/wrangler/wrangler-core/src/main/java/io/cdap/directives/transformation/Encode.java
/Users/dakshrana/Desktop/wrangler/wrangler-core/src/main/java/io/cdap/directives/transformation/ExtractRegexGroups.java
/Users/dakshrana/Desktop/wrangler/wrangler-core/src/main/java/io/cdap/directives/transformation/FillNullOrEmpty.java
/Users/dakshrana/Desktop/wrangler/wrangler-core/src/main/java/io/cdap/directives/transformation/FindAndReplace.java
/Users/dakshrana/Desktop/wrangler/wrangler-core/src/main/java/io/cdap/directives/transformation/GenerateUUID.java
/Users/dakshrana/Desktop/wrangler/wrangler-core/src/main/java/io/cdap/directives/transformation/IndexSplit.java
/Users/dakshrana/Desktop/wrangler/wrangler-core/src/main/java/io/cdap/directives/transformation/LeftTrim.java
/Users/dakshrana/Desktop/wrangler/wrangler-core/src/main/java/io/cdap/directives/transformation/Lower.java
/Users/dakshrana/Desktop/wrangler/wrangler-core/src/main/java/io/cdap/directives/transformation/MaskNumber.java
/Users/dakshrana/Desktop/wrangler/wrangler-core/src/main/java/io/cdap/directives/transformation/MaskShuffle.java
/Users/dakshrana/Desktop/wrangler/wrangler-core/src/main/java/io/cdap/directives/transformation/MessageHash.java
/Users/dakshrana/Desktop/wrangler/wrangler-core/src/main/java/io/cdap/directives/transformation/Quantization.java
/Users/dakshrana/Desktop/wrangler/wrangler-core/src/main/java/io/cdap/directives/transformation/RightTrim.java
/Users/dakshrana/Desktop/wrangler/wrangler-core/src/main/java/io/cdap/directives/transformation/Split.java
/Users/dakshrana/Desktop/wrangler/wrangler-core/src/main/java/io/cdap/directives/transformation/SplitEmail.java
/Users/dakshrana/Desktop/wrangler/wrangler-core/src/main/java/io/cdap/directives/transformation/SplitURL.java
/Users/dakshrana/Desktop/wrangler/wrangler-core/src/main/java/io/cdap/directives/transformation/TextDistanceMeasure.java
/Users/dakshrana/Desktop/wrangler/wrangler-core/src/main/java/io/cdap/directives/transformation/TextMetricMeasure.java
/Users/dakshrana/Desktop/wrangler/wrangler-core/src/main/java/io/cdap/directives/transformation/TitleCase.java
/Users/dakshrana/Desktop/wrangler/wrangler-core/src/main/java/io/cdap/directives/transformation/Trim.java
/Users/dakshrana/Desktop/wrangler/wrangler-core/src/main/java/io/cdap/directives/transformation/Trimmer.java
/Users/dakshrana/Desktop/wrangler/wrangler-core/src/main/java/io/cdap/directives/transformation/Upper.java
/Users/dakshrana/Desktop/wrangler/wrangler-core/src/main/java/io/cdap/directives/transformation/UrlDecode.java
/Users/dakshrana/Desktop/wrangler/wrangler-core/src/main/java/io/cdap/directives/transformation/UrlEncode.java
/Users/dakshrana/Desktop/wrangler/wrangler-core/src/main/java/io/cdap/directives/validation/ConformanceIssue.java
/Users/dakshrana/Desktop/wrangler/wrangler-core/src/main/java/io/cdap/directives/validation/ValidateStandard.java
/Users/dakshrana/Desktop/wrangler/wrangler-core/src/main/java/io/cdap/directives/validation/conformers/Conformer.java
/Users/dakshrana/Desktop/wrangler/wrangler-core/src/main/java/io/cdap/directives/validation/conformers/JsonConformer.java
/Users/dakshrana/Desktop/wrangler/wrangler-core/src/main/java/io/cdap/directives/writer/WriteAsCSV.java
/Users/dakshrana/Desktop/wrangler/wrangler-core/src/main/java/io/cdap/directives/writer/WriteAsJsonMap.java
/Users/dakshrana/Desktop/wrangler/wrangler-core/src/main/java/io/cdap/directives/writer/WriteAsJsonObject.java
/Users/dakshrana/Desktop/wrangler/wrangler-core/src/main/java/io/cdap/directives/xml/XmlToJson.java
/Users/dakshrana/Desktop/wrangler/wrangler-core/src/main/java/io/cdap/functions/DDL.java
/Users/dakshrana/Desktop/wrangler/wrangler-core/src/main/java/io/cdap/functions/DataQuality.java
/Users/dakshrana/Desktop/wrangler/wrangler-core/src/main/java/io/cdap/functions/DateAndTime.java
/Users/dakshrana/Desktop/wrangler/wrangler-core/src/main/java/io/cdap/functions/Dates.java
/Users/dakshrana/Desktop/wrangler/wrangler-core/src/main/java/io/cdap/functions/GeoFences.java
/Users/dakshrana/Desktop/wrangler/wrangler-core/src/main/java/io/cdap/functions/Global.java
/Users/dakshrana/Desktop/wrangler/wrangler-core/src/main/java/io/cdap/functions/JsonFunctions.java
/Users/dakshrana/Desktop/wrangler/wrangler-core/src/main/java/io/cdap/functions/Logical.java
/Users/dakshrana/Desktop/wrangler/wrangler-core/src/main/java/io/cdap/functions/NumberFunctions.java
/Users/dakshrana/Desktop/wrangler/wrangler-core/src/main/java/io/cdap/functions/Types.java
/Users/dakshrana/Desktop/wrangler/wrangler-core/src/main/java/io/cdap/wrangler/clients/Response.java
/Users/dakshrana/Desktop/wrangler/wrangler-core/src/main/java/io/cdap/wrangler/clients/RestClientException.java
/Users/dakshrana/Desktop/wrangler/wrangler-core/src/main/java/io/cdap/wrangler/clients/SchemaInfo.java
/Users/dakshrana/Desktop/wrangler/wrangler-core/src/main/java/io/cdap/wrangler/clients/SchemaRegistryClient.java
/Users/dakshrana/Desktop/wrangler/wrangler-core/src/main/java/io/cdap/wrangler/codec/AbstractAvroDecoder.java
/Users/dakshrana/Desktop/wrangler/wrangler-core/src/main/java/io/cdap/wrangler/codec/BinaryAvroDecoder.java
/Users/dakshrana/Desktop/wrangler/wrangler-core/src/main/java/io/cdap/wrangler/codec/Decoder.java
/Users/dakshrana/Desktop/wrangler/wrangler-core/src/main/java/io/cdap/wrangler/codec/DecoderException.java
/Users/dakshrana/Desktop/wrangler/wrangler-core/src/main/java/io/cdap/wrangler/codec/JsonAvroDecoder.java
/Users/dakshrana/Desktop/wrangler/wrangler-core/src/main/java/io/cdap/wrangler/codec/ProtobufDecoderUsingDescriptor.java
/Users/dakshrana/Desktop/wrangler/wrangler-core/src/main/java/io/cdap/wrangler/datamodel/DataModelGlossary.java
/Users/dakshrana/Desktop/wrangler/wrangler-core/src/main/java/io/cdap/wrangler/datamodel/HTTPSchemaLoader.java
/Users/dakshrana/Desktop/wrangler/wrangler-core/src/main/java/io/cdap/wrangler/dq/ConvertDistances.java
/Users/dakshrana/Desktop/wrangler/wrangler-core/src/main/java/io/cdap/wrangler/dq/ConvertString.java
/Users/dakshrana/Desktop/wrangler/wrangler-core/src/main/java/io/cdap/wrangler/dq/DataType.java
/Users/dakshrana/Desktop/wrangler/wrangler-core/src/main/java/io/cdap/wrangler/dq/DateTimePattern.java
/Users/dakshrana/Desktop/wrangler/wrangler-core/src/main/java/io/cdap/wrangler/dq/TypeInference.java
/Users/dakshrana/Desktop/wrangler/wrangler-core/src/main/java/io/cdap/wrangler/executor/ErrorRecordCollector.java
/Users/dakshrana/Desktop/wrangler/wrangler-core/src/main/java/io/cdap/wrangler/executor/ICDCatalog.java
/Users/dakshrana/Desktop/wrangler/wrangler-core/src/main/java/io/cdap/wrangler/executor/RecipePipelineExecutor.java
/Users/dakshrana/Desktop/wrangler/wrangler-core/src/main/java/io/cdap/wrangler/expression/EL.java
/Users/dakshrana/Desktop/wrangler/wrangler-core/src/main/java/io/cdap/wrangler/expression/ELContext.java
/Users/dakshrana/Desktop/wrangler/wrangler-core/src/main/java/io/cdap/wrangler/expression/ELException.java
/Users/dakshrana/Desktop/wrangler/wrangler-core/src/main/java/io/cdap/wrangler/expression/ELRegistration.java
/Users/dakshrana/Desktop/wrangler/wrangler-core/src/main/java/io/cdap/wrangler/expression/ELResult.java
/Users/dakshrana/Desktop/wrangler/wrangler-core/src/main/java/io/cdap/wrangler/i18n/Messages.java
/Users/dakshrana/Desktop/wrangler/wrangler-core/src/main/java/io/cdap/wrangler/i18n/MessagesFactory.java
/Users/dakshrana/Desktop/wrangler/wrangler-core/src/main/java/io/cdap/wrangler/lineage/LineageOperations.java
/Users/dakshrana/Desktop/wrangler/wrangler-core/src/main/java/io/cdap/wrangler/metrics/Constants.java
/Users/dakshrana/Desktop/wrangler/wrangler-core/src/main/java/io/cdap/wrangler/metrics/JexlCategoryMetricUtils.java
/Users/dakshrana/Desktop/wrangler/wrangler-core/src/main/java/io/cdap/wrangler/parser/ConfigDirectiveContext.java
/Users/dakshrana/Desktop/wrangler/wrangler-core/src/main/java/io/cdap/wrangler/parser/DirectiveClass.java
/Users/dakshrana/Desktop/wrangler/wrangler-core/src/main/java/io/cdap/wrangler/parser/GrammarBasedParser.java
/Users/dakshrana/Desktop/wrangler/wrangler-core/src/main/java/io/cdap/wrangler/parser/GrammarWalker.java
/Users/dakshrana/Desktop/wrangler/wrangler-core/src/main/java/io/cdap/wrangler/parser/MapArguments.java
/Users/dakshrana/Desktop/wrangler/wrangler-core/src/main/java/io/cdap/wrangler/parser/MigrateToV2.java
/Users/dakshrana/Desktop/wrangler/wrangler-core/src/main/java/io/cdap/wrangler/parser/NoOpDirectiveContext.java
/Users/dakshrana/Desktop/wrangler/wrangler-core/src/main/java/io/cdap/wrangler/parser/RecipeCompiler.java
/Users/dakshrana/Desktop/wrangler/wrangler-core/src/main/java/io/cdap/wrangler/parser/RecipeVisitor.java
/Users/dakshrana/Desktop/wrangler/wrangler-core/src/main/java/io/cdap/wrangler/parser/SyntaxErrorListener.java
/Users/dakshrana/Desktop/wrangler/wrangler-core/src/main/java/io/cdap/wrangler/parser/UsageRegistry.java
/Users/dakshrana/Desktop/wrangler/wrangler-core/src/main/java/io/cdap/wrangler/registry/CompositeDirectiveRegistry.java
/Users/dakshrana/Desktop/wrangler/wrangler-core/src/main/java/io/cdap/wrangler/registry/DirectiveInfo.java
/Users/dakshrana/Desktop/wrangler/wrangler-core/src/main/java/io/cdap/wrangler/registry/DirectiveRegistry.java
/Users/dakshrana/Desktop/wrangler/wrangler-core/src/main/java/io/cdap/wrangler/registry/DirectiveScope.java
/Users/dakshrana/Desktop/wrangler/wrangler-core/src/main/java/io/cdap/wrangler/registry/SystemDirectiveRegistry.java
/Users/dakshrana/Desktop/wrangler/wrangler-core/src/main/java/io/cdap/wrangler/registry/UserDirectiveRegistry.java
/Users/dakshrana/Desktop/wrangler/wrangler-core/src/main/java/io/cdap/wrangler/sampling/Bernoulli.java
/Users/dakshrana/Desktop/wrangler/wrangler-core/src/main/java/io/cdap/wrangler/sampling/MathUtils.java
/Users/dakshrana/Desktop/wrangler/wrangler-core/src/main/java/io/cdap/wrangler/sampling/Poisson.java
/Users/dakshrana/Desktop/wrangler/wrangler-core/src/main/java/io/cdap/wrangler/sampling/Reservoir.java
/Users/dakshrana/Desktop/wrangler/wrangler-core/src/main/java/io/cdap/wrangler/sampling/Sampler.java
/Users/dakshrana/Desktop/wrangler/wrangler-core/src/main/java/io/cdap/wrangler/sampling/SamplingIterator.java
/Users/dakshrana/Desktop/wrangler/wrangler-core/src/main/java/io/cdap/wrangler/sampling/XORShiftRNG.java
/Users/dakshrana/Desktop/wrangler/wrangler-core/src/main/java/io/cdap/wrangler/schema/DirectiveOutputSchemaGenerator.java
/Users/dakshrana/Desktop/wrangler/wrangler-core/src/main/java/io/cdap/wrangler/schema/DirectiveSchemaResolutionContext.java
/Users/dakshrana/Desktop/wrangler/wrangler-core/src/main/java/io/cdap/wrangler/schema/TransientStoreKeys.java
/Users/dakshrana/Desktop/wrangler/wrangler-core/src/main/java/io/cdap/wrangler/statistics/BasicStatistics.java
/Users/dakshrana/Desktop/wrangler/wrangler-core/src/main/java/io/cdap/wrangler/statistics/ColumnMetric.java
/Users/dakshrana/Desktop/wrangler/wrangler-core/src/main/java/io/cdap/wrangler/statistics/Measurements.java
/Users/dakshrana/Desktop/wrangler/wrangler-core/src/main/java/io/cdap/wrangler/statistics/Statistics.java
/Users/dakshrana/Desktop/wrangler/wrangler-core/src/main/java/io/cdap/wrangler/utils/ArithmeticOperations.java
/Users/dakshrana/Desktop/wrangler/wrangler-core/src/main/java/io/cdap/wrangler/utils/ArtifactSummaryComparator.java
/Users/dakshrana/Desktop/wrangler/wrangler-core/src/main/java/io/cdap/wrangler/utils/AvroSchemaGlossary.java
/Users/dakshrana/Desktop/wrangler/wrangler-core/src/main/java/io/cdap/wrangler/utils/AvroSchemaLoader.java
/Users/dakshrana/Desktop/wrangler/wrangler-core/src/main/java/io/cdap/wrangler/utils/ColumnConverter.java
/Users/dakshrana/Desktop/wrangler/wrangler-core/src/main/java/io/cdap/wrangler/utils/DecimalTransform.java
/Users/dakshrana/Desktop/wrangler/wrangler-core/src/main/java/io/cdap/wrangler/utils/JsonPathGenerator.java
/Users/dakshrana/Desktop/wrangler/wrangler-core/src/main/java/io/cdap/wrangler/utils/KryoSerializer.java
/Users/dakshrana/Desktop/wrangler/wrangler-core/src/main/java/io/cdap/wrangler/utils/Manifest.java
/Users/dakshrana/Desktop/wrangler/wrangler-core/src/main/java/io/cdap/wrangler/utils/ObjectSerDe.java
/Users/dakshrana/Desktop/wrangler/wrangler-core/src/main/java/io/cdap/wrangler/utils/ProjectInfo.java
/Users/dakshrana/Desktop/wrangler/wrangler-core/src/main/java/io/cdap/wrangler/utils/RecordConvertor.java
/Users/dakshrana/Desktop/wrangler/wrangler-core/src/main/java/io/cdap/wrangler/utils/RecordConvertorException.java
/Users/dakshrana/Desktop/wrangler/wrangler-core/src/main/java/io/cdap/wrangler/utils/ReferenceNames.java
/Users/dakshrana/Desktop/wrangler/wrangler-core/src/main/java/io/cdap/wrangler/utils/RowHelper.java
/Users/dakshrana/Desktop/wrangler/wrangler-core/src/main/java/io/cdap/wrangler/utils/SchemaConverter.java
/Users/dakshrana/Desktop/wrangler/wrangler-core/src/main/java/io/cdap/wrangler/utils/StructuredRecordJsonConverter.java
/Users/dakshrana/Desktop/wrangler/wrangler-core/src/main/java/io/cdap/wrangler/utils/StructuredToRowTransformer.java
/Users/dakshrana/Desktop/wrangler/wrangler-core/src/main/java/io/cdap/wrangler/utils/TypeConvertor.java
/Users/dakshrana/Desktop/wrangler/wrangler-core/src/main/java/io/cdap/wrangler/validator/ColumnNameValidator.java
/Users/dakshrana/Desktop/wrangler/wrangler-core/src/main/java/io/cdap/wrangler/validator/Validator.java
/Users/dakshrana/Desktop/wrangler/wrangler-core/src/main/java/io/cdap/wrangler/validator/ValidatorException.java
/Users/dakshrana/Desktop/wrangler/wrangler-core/target/generated-sources/antlr4/io/cdap/wrangler/parser/DirectivesBaseListener.java
/Users/dakshrana/Desktop/wrangler/wrangler-core/target/generated-sources/antlr4/io/cdap/wrangler/parser/DirectivesBaseVisitor.java
/Users/dakshrana/Desktop/wrangler/wrangler-core/target/generated-sources/antlr4/io/cdap/wrangler/parser/DirectivesLexer.java
/Users/dakshrana/Desktop/wrangler/wrangler-core/target/generated-sources/antlr4/io/cdap/wrangler/parser/DirectivesListener.java
/Users/dakshrana/Desktop/wrangler/wrangler-core/target/generated-sources/antlr4/io/cdap/wrangler/parser/DirectivesParser.java
/Users/dakshrana/Desktop/wrangler/wrangler-core/target/generated-sources/antlr4/io/cdap/wrangler/parser/DirectivesVisitor.java
